{"messages":
 [{"severity": "error",
   "pos": {"line": 5, "column": 4},
   "endPos": {"line": 5, "column": 15},
   "data":
   "tactic 'apply' failed, failed to unify\n  n✝ + 1 = 0\nwith\n  true = true\nn✝ : Nat\n⊢ true = true"},
  {"severity": "error",
   "pos": {"line": 1, "column": 19},
   "endPos": {"line": 6, "column": 11},
   "data":
   "unsolved goals\ncase succ\nn✝ : Nat\nthis : true = true\n⊢ n✝ + 1 = 0"}],
 "env": 0}

{"sorries":
 [{"proofState": 0,
   "pos": {"line": 1, "column": 19},
   "goal": "⊢ 1 = 0",
   "endPos": {"line": 1, "column": 24}}],
 "messages":
 [{"severity": "warning",
   "pos": {"line": 1, "column": 0},
   "endPos": {"line": 1, "column": 7},
   "data": "declaration uses 'sorry'"}],
 "env": 1}

{"proofStatus": "Incomplete: open goals remain",
 "proofState": 1,
 "goals": ["case zero\n⊢ 0 = 0", "case succ\nn✝ : Nat\n⊢ n✝ + 1 = 0"]}

{"proofStatus": "Incomplete: open goals remain",
 "proofState": 2,
 "goals": ["case succ\nn✝ : Nat\n⊢ n✝ + 1 = 0"]}

{"proofStatus": "Incomplete: open goals remain",
 "proofState": 3,
 "messages":
 [{"severity": "error",
   "pos": {"line": 0, "column": 0},
   "endPos": {"line": 0, "column": 0},
   "data":
   "tactic 'apply' failed, failed to unify\n  n✝ + 1 = 0\nwith\n  true = true\nn✝ : Nat\n⊢ true = true"}],
 "goals": ["case succ\nn✝ : Nat\nthis : true = true\n⊢ n✝ + 1 = 0"]}

{"sorries": [{"proofState": 4, "goal": "n✝ : Nat\n⊢ true = true"}],
 "proofStatus": "Incomplete: open goals remain",
 "proofState": 5,
 "goals": ["case succ\nn✝ : Nat\nthis : true = true\n⊢ n✝ + 1 = 0"]}

{"message":
 "Lean error:\ntactic 'apply' failed, failed to unify\n  n✝ + 1 = 0\nwith\n  true = true\nn✝ : Nat\n⊢ true = true"}

