{"messages":
 [{"severity": "error",
   "pos": {"line": 1, "column": 23},
   "endPos": {"line": 1, "column": 30},
   "data": "unknown identifier 'bysorry'"}],
 "env": 0}

{"messages":
 [{"severity": "error",
   "pos": {"line": 1, "column": 23},
   "endPos": {"line": 1, "column": 28},
   "data": "unknown identifier 'byrfl'"}],
 "env": 1}

