{"sorries":
 [{"proofState": 0,
   "pos": {"line": 2, "column": 0},
   "goal": "‚ä¢ 1 = 1",
   "endPos": {"line": 2, "column": 5}}],
 "messages":
 [{"severity": "warning",
   "pos": {"line": 1, "column": 8},
   "endPos": {"line": 1, "column": 11},
   "data": "declaration uses 'sorry'"}],
 "env": 0}

{"messages":
 [{"severity": "info",
   "pos": {"line": 1, "column": 0},
   "endPos": {"line": 3, "column": 5},
   "data": "Goals accomplished!"}],
 "env": 1}

