{"env": 0}

{"env": 1}

{"env": 2}

{"env": 3}

{"env": 4}

{"env": 5}

{"messages":
 [{"severity": "info",
   "pos": {"line": 1, "column": 0},
   "endPos": {"line": 1, "column": 25},
   "data": "Goals accomplished!"}],
 "env": 6}

{"env": 5}

