{"messages":
 [{"severity": "error",
   "pos": {"line": 1, "column": 25},
   "endPos": {"line": 1, "column": 31},
   "data":
   "`exact?` could not close the goal. Try `apply?` to see partial suggestions."}],
 "env": 0}

{"sorries":
 [{"proofState": 0,
   "pos": {"line": 1, "column": 22},
   "goal": "‚ä¢ False",
   "endPos": {"line": 1, "column": 27}}],
 "messages":
 [{"severity": "warning",
   "pos": {"line": 1, "column": 8},
   "endPos": {"line": 1, "column": 10},
   "data": "declaration uses 'sorry'"}],
 "env": 1}

{"message":
 "Lean error:\n`exact?` could not close the goal. Try `apply?` to see partial suggestions."}

